src/services/data.ts(39,3): error TS2741: Property 'userId' is missing in type '{ id: string; name: string; price: number; stock: number; description: string; }' but required in type 'Product'.
src/services/data.ts(40,3): error TS2741: Property 'userId' is missing in type '{ id: string; name: string; price: number; stock: number; description: string; }' but required in type 'Product'.
src/services/data.ts(41,3): error TS2741: Property 'userId' is missing in type '{ id: string; name: string; price: number; stock: number; description: string; }' but required in type 'Product'.
src/services/data.ts(42,3): error TS2741: Property 'userId' is missing in type '{ id: string; name: string; price: number; stock: number; description: string; }' but required in type 'Product'.
